../Drivers/STM32L5xx_HAL_Driver/Inc/stm32l5xx_ll_bus.h:433:22:void LL_AHB2_GRP1_EnableClock(uint32_t)	24	static
../Drivers/STM32L5xx_HAL_Driver/Inc/stm32l5xx_ll_bus.h:914:22:void LL_APB1_GRP2_EnableClock(uint32_t)	24	static
../Core/Src/main.cpp:121:5:int main()	8	static
../Core/Src/main.cpp:209:6:void SystemClock_Config()	104	static
../Core/Src/main.cpp:268:13:void MX_ADC1_Init()	48	static
../Core/Src/main.cpp:335:13:void MX_LPUART1_UART_Init()	8	static
../Core/Src/main.cpp:383:13:void MX_RTC_Init()	32	static
../Core/Src/main.cpp:430:13:void MX_UCPD1_Init()	32	static
../Core/Src/main.cpp:472:13:void MX_USB_PCD_Init()	8	static
../Core/Src/main.cpp:505:13:void MX_GPIO_Init()	48	static
../Core/Src/main.cpp:570:6:void StartGreenLedTask(void*)	16	static
../Core/Src/main.cpp:580:6:void StartRedLedTask(void*)	16	static
../Core/Src/main.cpp:590:6:void StartBlueLedTask(void*)	16	static
../Core/Src/main.cpp:604:6:void Error_Handler()	4	static,ignoring_inline_asm
