14:42:50 **** Incremental Build of configuration Debug for project BLINKY ****
make -j16 all 
arm-none-eabi-g++ "../Core/Src/main.cpp" -mcpu=cortex-m33 -std=gnu++14 -g3 -DDEBUG -DUSE_FULL_LL_DRIVER -DUSE_HAL_DRIVER -DSTM32L552xx -c -I../Core/Inc -I../Drivers/STM32L5xx_HAL_Driver/Inc -I../Drivers/STM32L5xx_HAL_Driver/Inc/Legacy -I../Drivers/CMSIS/Device/ST/STM32L5xx/Include -I../Drivers/CMSIS/Include -I../Middlewares/Third_Party/FreeRTOS/Source/include -I../Middlewares/Third_Party/FreeRTOS/Source/CMSIS_RTOS_V2 -I../Middlewares/Third_Party/FreeRTOS/Source/portable/GCC/ARM_CM33_NTZ/non_secure -O0 -ffunction-sections -fdata-sections -fno-exceptions -fno-rtti -fno-use-cxa-atexit -Wall -fstack-usage -fcyclomatic-complexity -MMD -MP -MF"Core/Src/main.d" -MT"Core/Src/main.o" --specs=nano.specs -mfpu=fpv5-sp-d16 -mfloat-abi=hard -mthumb -o "Core/Src/main.o"
arm-none-eabi-g++ -o "BLINKY.elf" @"objects.list"   -mcpu=cortex-m33 -T"C:\Users\niran.asokan\Desktop\fiore_master\BLINKY\STM32L552ZETXQ_FLASH.ld" --specs=nosys.specs -Wl,-Map="BLINKY.map" -Wl,--gc-sections -static --specs=nano.specs -mfpu=fpv5-sp-d16 -mfloat-abi=hard -mthumb -Wl,--start-group -lc -lm -lstdc++ -lsupc++ -Wl,--end-group
Finished building target: BLINKY.elf
 
arm-none-eabi-size   BLINKY.elf 
arm-none-eabi-objdump -h -S  BLINKY.elf  > "BLINKY.list"
   text	   data	    bss	    dec	    hex	filename
  32588	     28	  14232	  46848	   b700	BLINKY.elf
Finished building: default.size.stdout
 
Finished building: BLINKY.list
 

14:42:53 Build Finished. 0 errors, 0 warnings. (took 3s.223ms)

